------------------------------------------------------------
Timing Analyzer Summary
------------------------------------------------------------

Type  : Slow 1100mV 85C Model Setup 'reg_acoplo_3:inst16|selop[0]'
Slack : -9.847
TNS   : -151.297

Type  : Slow 1100mV 85C Model Setup 'reg_acoplo_3:inst16|selfalgs[0]'
Slack : -6.656
TNS   : -28.442

Type  : Slow 1100mV 85C Model Setup 'RELOJ'
Slack : -6.323
TNS   : -660.884

Type  : Slow 1100mV 85C Model Hold 'RELOJ'
Slack : -2.967
TNS   : -15.282

Type  : Slow 1100mV 85C Model Hold 'reg_acoplo_3:inst16|selop[0]'
Slack : 0.085
TNS   : 0.000

Type  : Slow 1100mV 85C Model Hold 'reg_acoplo_3:inst16|selfalgs[0]'
Slack : 0.284
TNS   : 0.000

Type  : Slow 1100mV 85C Model Minimum Pulse Width 'RELOJ'
Slack : -4.555
TNS   : -390.446

Type  : Slow 1100mV 85C Model Minimum Pulse Width 'reg_acoplo_3:inst16|selfalgs[0]'
Slack : 0.238
TNS   : 0.000

Type  : Slow 1100mV 85C Model Minimum Pulse Width 'reg_acoplo_3:inst16|selop[0]'
Slack : 0.286
TNS   : 0.000

Type  : Slow 1100mV 0C Model Setup 'reg_acoplo_3:inst16|selop[0]'
Slack : -9.990
TNS   : -155.190

Type  : Slow 1100mV 0C Model Setup 'reg_acoplo_3:inst16|selfalgs[0]'
Slack : -6.802
TNS   : -29.255

Type  : Slow 1100mV 0C Model Setup 'RELOJ'
Slack : -6.565
TNS   : -647.385

Type  : Slow 1100mV 0C Model Hold 'RELOJ'
Slack : -3.090
TNS   : -16.146

Type  : Slow 1100mV 0C Model Hold 'reg_acoplo_3:inst16|selop[0]'
Slack : 0.111
TNS   : 0.000

Type  : Slow 1100mV 0C Model Hold 'reg_acoplo_3:inst16|selfalgs[0]'
Slack : 0.360
TNS   : 0.000

Type  : Slow 1100mV 0C Model Minimum Pulse Width 'RELOJ'
Slack : -4.555
TNS   : -385.514

Type  : Slow 1100mV 0C Model Minimum Pulse Width 'reg_acoplo_3:inst16|selop[0]'
Slack : 0.215
TNS   : 0.000

Type  : Slow 1100mV 0C Model Minimum Pulse Width 'reg_acoplo_3:inst16|selfalgs[0]'
Slack : 0.219
TNS   : 0.000

Type  : Fast 1100mV 85C Model Setup 'reg_acoplo_3:inst16|selop[0]'
Slack : -3.917
TNS   : -58.887

Type  : Fast 1100mV 85C Model Setup 'RELOJ'
Slack : -2.912
TNS   : -227.721

Type  : Fast 1100mV 85C Model Setup 'reg_acoplo_3:inst16|selfalgs[0]'
Slack : -2.427
TNS   : -9.443

Type  : Fast 1100mV 85C Model Hold 'RELOJ'
Slack : -1.253
TNS   : -5.233

Type  : Fast 1100mV 85C Model Hold 'reg_acoplo_3:inst16|selop[0]'
Slack : 0.007
TNS   : 0.000

Type  : Fast 1100mV 85C Model Hold 'reg_acoplo_3:inst16|selfalgs[0]'
Slack : 0.009
TNS   : 0.000

Type  : Fast 1100mV 85C Model Minimum Pulse Width 'RELOJ'
Slack : -2.636
TNS   : -128.102

Type  : Fast 1100mV 85C Model Minimum Pulse Width 'reg_acoplo_3:inst16|selop[0]'
Slack : 0.333
TNS   : 0.000

Type  : Fast 1100mV 85C Model Minimum Pulse Width 'reg_acoplo_3:inst16|selfalgs[0]'
Slack : 0.354
TNS   : 0.000

Type  : Fast 1100mV 0C Model Setup 'reg_acoplo_3:inst16|selop[0]'
Slack : -3.614
TNS   : -55.031

Type  : Fast 1100mV 0C Model Setup 'RELOJ'
Slack : -2.752
TNS   : -197.006

Type  : Fast 1100mV 0C Model Setup 'reg_acoplo_3:inst16|selfalgs[0]'
Slack : -2.324
TNS   : -8.722

Type  : Fast 1100mV 0C Model Hold 'RELOJ'
Slack : -1.258
TNS   : -5.276

Type  : Fast 1100mV 0C Model Hold 'reg_acoplo_3:inst16|selfalgs[0]'
Slack : 0.033
TNS   : 0.000

Type  : Fast 1100mV 0C Model Hold 'reg_acoplo_3:inst16|selop[0]'
Slack : 0.049
TNS   : 0.000

Type  : Fast 1100mV 0C Model Minimum Pulse Width 'RELOJ'
Slack : -2.636
TNS   : -129.410

Type  : Fast 1100mV 0C Model Minimum Pulse Width 'reg_acoplo_3:inst16|selop[0]'
Slack : 0.344
TNS   : 0.000

Type  : Fast 1100mV 0C Model Minimum Pulse Width 'reg_acoplo_3:inst16|selfalgs[0]'
Slack : 0.368
TNS   : 0.000

------------------------------------------------------------
