------------------------------------------------------------
Timing Analyzer Summary
------------------------------------------------------------

Type  : Slow 1100mV 85C Model Setup 'reg_acoplo_3:inst16|selop[0]'
Slack : -9.082
TNS   : -145.136

Type  : Slow 1100mV 85C Model Setup 'reg_acoplo_3:inst16|selfalgs[0]'
Slack : -6.998
TNS   : -31.574

Type  : Slow 1100mV 85C Model Setup 'RELOJ'
Slack : -6.661
TNS   : -783.273

Type  : Slow 1100mV 85C Model Hold 'RELOJ'
Slack : -0.976
TNS   : -2.597

Type  : Slow 1100mV 85C Model Hold 'reg_acoplo_3:inst16|selop[0]'
Slack : -0.184
TNS   : -0.184

Type  : Slow 1100mV 85C Model Hold 'reg_acoplo_3:inst16|selfalgs[0]'
Slack : -0.017
TNS   : -0.017

Type  : Slow 1100mV 85C Model Minimum Pulse Width 'RELOJ'
Slack : -4.555
TNS   : -406.491

Type  : Slow 1100mV 85C Model Minimum Pulse Width 'reg_acoplo_3:inst16|selop[0]'
Slack : 0.146
TNS   : 0.000

Type  : Slow 1100mV 85C Model Minimum Pulse Width 'reg_acoplo_3:inst16|selfalgs[0]'
Slack : 0.241
TNS   : 0.000

Type  : Slow 1100mV 0C Model Setup 'reg_acoplo_3:inst16|selop[0]'
Slack : -9.348
TNS   : -149.527

Type  : Slow 1100mV 0C Model Setup 'reg_acoplo_3:inst16|selfalgs[0]'
Slack : -6.947
TNS   : -31.839

Type  : Slow 1100mV 0C Model Setup 'RELOJ'
Slack : -6.574
TNS   : -759.992

Type  : Slow 1100mV 0C Model Hold 'RELOJ'
Slack : -1.123
TNS   : -3.076

Type  : Slow 1100mV 0C Model Hold 'reg_acoplo_3:inst16|selop[0]'
Slack : -0.128
TNS   : -0.145

Type  : Slow 1100mV 0C Model Hold 'reg_acoplo_3:inst16|selfalgs[0]'
Slack : 0.000
TNS   : 0.000

Type  : Slow 1100mV 0C Model Minimum Pulse Width 'RELOJ'
Slack : -4.555
TNS   : -402.914

Type  : Slow 1100mV 0C Model Minimum Pulse Width 'reg_acoplo_3:inst16|selop[0]'
Slack : 0.135
TNS   : 0.000

Type  : Slow 1100mV 0C Model Minimum Pulse Width 'reg_acoplo_3:inst16|selfalgs[0]'
Slack : 0.176
TNS   : 0.000

Type  : Fast 1100mV 85C Model Setup 'reg_acoplo_3:inst16|selop[0]'
Slack : -3.600
TNS   : -56.422

Type  : Fast 1100mV 85C Model Setup 'reg_acoplo_3:inst16|selfalgs[0]'
Slack : -2.866
TNS   : -11.316

Type  : Fast 1100mV 85C Model Setup 'RELOJ'
Slack : -2.288
TNS   : -292.571

Type  : Fast 1100mV 85C Model Hold 'reg_acoplo_3:inst16|selfalgs[0]'
Slack : -0.113
TNS   : -0.113

Type  : Fast 1100mV 85C Model Hold 'RELOJ'
Slack : -0.078
TNS   : -0.127

Type  : Fast 1100mV 85C Model Hold 'reg_acoplo_3:inst16|selop[0]'
Slack : -0.045
TNS   : -0.045

Type  : Fast 1100mV 85C Model Minimum Pulse Width 'RELOJ'
Slack : -2.636
TNS   : -133.427

Type  : Fast 1100mV 85C Model Minimum Pulse Width 'reg_acoplo_3:inst16|selop[0]'
Slack : 0.288
TNS   : 0.000

Type  : Fast 1100mV 85C Model Minimum Pulse Width 'reg_acoplo_3:inst16|selfalgs[0]'
Slack : 0.290
TNS   : 0.000

Type  : Fast 1100mV 0C Model Setup 'reg_acoplo_3:inst16|selop[0]'
Slack : -3.338
TNS   : -52.983

Type  : Fast 1100mV 0C Model Setup 'reg_acoplo_3:inst16|selfalgs[0]'
Slack : -2.407
TNS   : -10.181

Type  : Fast 1100mV 0C Model Setup 'RELOJ'
Slack : -2.098
TNS   : -253.408

Type  : Fast 1100mV 0C Model Hold 'RELOJ'
Slack : -0.145
TNS   : -0.270

Type  : Fast 1100mV 0C Model Hold 'reg_acoplo_3:inst16|selfalgs[0]'
Slack : -0.083
TNS   : -0.083

Type  : Fast 1100mV 0C Model Hold 'reg_acoplo_3:inst16|selop[0]'
Slack : -0.036
TNS   : -0.036

Type  : Fast 1100mV 0C Model Minimum Pulse Width 'RELOJ'
Slack : -2.636
TNS   : -134.966

Type  : Fast 1100mV 0C Model Minimum Pulse Width 'reg_acoplo_3:inst16|selop[0]'
Slack : 0.309
TNS   : 0.000

Type  : Fast 1100mV 0C Model Minimum Pulse Width 'reg_acoplo_3:inst16|selfalgs[0]'
Slack : 0.319
TNS   : 0.000

------------------------------------------------------------
